00:32:23.750 %_N_CYCLE83_SPF (Строка: 1, Программа: CYCLE83, Канал: 1)
00:32:23.750 ;$PATH=/_N_CST_DIR (Строка: 2, Программа: CYCLE83, Канал: 1)
00:32:23.750 PROC CYCLE83(REAL RTP,REAL RFP,REAL SDIS,REAL _DP,REAL _DPR,REAL FDEP,REAL FDPR,REAL _DAM,REAL _DTB,REAL _DTS,REAL FRF,
INT VARI,INT _AXN,REAL _MDEP,REAL _VRT,REAL __DTD,REAL _DIS1,INT _GMODE,INT _DMODE,INT _AMODE) SAVE SBLOF DISPLOF ;ACTBLOCNO (Строка: 3, Программа: CYCLE83, Канал: 1)
00:32:23.750 ;VERSION: 04.07.62.01 ;DATE: 2015-11-13 (Строка: 4, Программа: CYCLE83, Канал: 1)
00:32:23.750 ;CHANGE : 04.07.56.00 ;DATE: 2015-08-12 (Строка: 5, Программа: CYCLE83, Канал: 1)
00:32:23.750 ;Cycle support HMIsl (Строка: 6, Программа: CYCLE83, Канал: 1)
00:32:23.750 ;Deep Hole Drilling (Строка: 7, Программа: CYCLE83, Канал: 1)
00:32:23.750 DEF AXIS _Z (Строка: 8, Программа: CYCLE83, Канал: 1)
00:32:23.750 DEF REAL HH1,HH2,HH3,HH4,HH5,HH8,_HH9,VHA,_HMF,HZ,_FAK1=1,_HHA,DAM,_FAK3,DP,DPR,S_SPITZE (Строка: 9, Программа: CYCLE83
, Канал: 1)
00:32:23.750 DEF REAL DTB,DTS,_DTD (Строка: 10, Программа: CYCLE83, Канал: 1)
00:32:23.750 DEF INT HH6,HH7,_II,_PM1=-1 (Строка: 11, Программа: CYCLE83, Канал: 1)
00:32:23.750 DEF INT _ABS,_ORD,_APP (Строка: 12, Программа: CYCLE83, Канал: 1)
00:32:23.750 DEF BOOL _MDG (Строка: 13, Программа: CYCLE83, Канал: 1)
00:32:23.750 DEF INT _ARTIS[16],_TEMP,_DMODE1,_DMODE5,_TYP,_VARI1,_AMODE1,_AMODE2,_AMODE3,_AMODE4,_AMODE5,_AMODE6,_AMODE7 (Строка: 1
4, Программа: CYCLE83, Канал: 1)
00:32:23.750 DEF STRING[35] _TEMP_FILE="/_N_MPF_DIR/_N_TEMP_CYCLE83_MPF",_PROG,_SERR (Строка: 15, Программа: CYCLE83, Канал: 1)
00:32:23.750 IF(ISFILE(_TEMP_FILE))AND($P_PROG[$P_STACK-1]<>"_N_TEMP_CYCLE83_MPF") (Строка: 16, Программа: CYCLE83, Канал: 1)
00:32:23.750 IF(ISFILE(_TEMP_FILE))AND($P_PROG[$P_STACK-1]<>"_N_TEMP_CYCLE83_MPF") (Строка: 16, Программа: CYCLE83, Канал: 1)
00:32:23.750 DELETE(_TEMP,_TEMP_FILE) (Строка: 16, Программа: CYCLE83, Канал: 1)
00:32:23.750 WRITE(_TEMP,_TEMP_FILE,";! only for internal diagnostics ! Date: "<<$A_DAY<<"."<<$A_MONTH<<"."<<($A_YEAR+2000)<<" "<<$A
_HOUR<<":"<<$A_MINUTE<<":"<<$A_SECOND) (Строка: 16, Программа: CYCLE83, Канал: 1)
00:32:23.750 WRITE(_TEMP,_TEMP_FILE,";T-Number $P_TOOLNO="<<$P_TOOLNO) (Строка: 16, Программа: CYCLE83, Канал: 1)
00:32:23.750 WRITE(_TEMP,_TEMP_FILE,";D-Number $P_TOOL="<<$P_TOOL) (Строка: 16, Программа: CYCLE83, Канал: 1)
00:32:23.750 IF (($P_TOOL)AND($P_TOOLNO)) (Строка: 16, Программа: CYCLE83, Канал: 1)
00:32:23.750 WRITE(_TEMP,_TEMP_FILE,";$TC_DP1[1,1]="<<$P_ADT[1]<<"    ; Tool type") (Строка: 16, Программа: CYCLE83, Канал: 1)
00:32:23.750 WRITE(_TEMP,_TEMP_FILE,";$TC_DP2[1,1]="<<$P_ADT[2]<<"    ; Cutting edge position") (Строка: 16, Программа: CYCLE83, Кан
ал: 1)
00:32:23.750 WRITE(_TEMP,_TEMP_FILE,";$TC_DP6[1,1]="<<$P_ADT[6]<<"    ; Tool geo radius") (Строка: 16, Программа: CYCLE83, Канал: 1)
00:32:23.750 WRITE(_TEMP,_TEMP_FILE,";$TC_DP15[1,1]="<<$P_ADT[15]<<"    ; Tool wear radius") (Строка: 16, Программа: CYCLE83, Канал:
 1)
00:32:23.750 IF (($P_ADT[1]>=200) AND ($P_ADT[1]<300)) (Строка: 16, Программа: CYCLE83, Канал: 1)
00:32:23.750 WRITE(_TEMP,_TEMP_FILE,";$TC_DP24[1,1]="<<$P_ADT[24]<<"    ; Tool tip angle") (Строка: 16, Программа: CYCLE83, Канал: 1
)
00:32:23.750 ENDIF (Строка: 16, Программа: CYCLE83, Канал: 1)
00:32:23.750 IF (($P_ADT[1]>=100) AND ($P_ADT[1]<200)) (Строка: 16, Программа: CYCLE83, Канал: 1)
00:32:23.750 IF ($P_ADT[1]<>145) (Строка: 16, Программа: CYCLE83, Канал: 1)
00:32:23.750 WRITE(_TEMP,_TEMP_FILE,";$TC_DP11[1,1]="<<$P_ADT[11]<<"    ; Tool angle") (Строка: 16, Программа: CYCLE83, Канал: 1)
00:32:23.750 ENDIF (Строка: 16, Программа: CYCLE83, Канал: 1)
00:32:23.750 WRITE(_TEMP,_TEMP_FILE,";$TC_DPNT[1,1]="<<$P_ADT[35]<<"    ; Number of teeth") (Строка: 16, Программа: CYCLE83, Канал: 
1)
00:32:23.750 ENDIF (Строка: 16, Программа: CYCLE83, Канал: 1)
00:32:23.750 IF ($P_ADT[1]==140) (Строка: 16, Программа: CYCLE83, Канал: 1)
00:32:23.750 WRITE(_TEMP,_TEMP_FILE,";$TC_DP7[1,1]="<<$P_ADT[7]<<"   ; Outside radius ") (Строка: 16, Программа: CYCLE83, Канал: 1)
00:32:23.750 ENDIF (Строка: 16, Программа: CYCLE83, Канал: 1)
00:32:23.750 IF ($P_ADT[1]==240) (Строка: 16, Программа: CYCLE83, Канал: 1)
00:32:23.750 WRITE(_TEMP,_TEMP_FILE,";$TC_DP9[1,1]="<<$P_ADT[9]<<"   ; Thread pitch") (Строка: 16, Программа: CYCLE83, Канал: 1)
00:32:23.750 ENDIF (Строка: 16, Программа: CYCLE83, Канал: 1)
00:32:23.750 ENDIF (Строка: 16, Программа: CYCLE83, Канал: 1)
00:32:23.750 IF ($P_TOOLNO>0) (Строка: 16, Программа: CYCLE83, Канал: 1)
00:32:23.750 WRITE(_TEMP,_TEMP_FILE,";T1") (Строка: 16, Программа: CYCLE83, Канал: 1)
00:32:23.750 WRITE(_TEMP,_TEMP_FILE,";M6") (Строка: 16, Программа: CYCLE83, Канал: 1)
00:32:23.750 ELSE (Строка: 16, Программа: CYCLE83, Канал: 1)
00:32:23.750 WRITE(_TEMP,_TEMP_FILE,";T0") (Строка: 16, Программа: CYCLE83, Канал: 1)
00:32:23.750 WRITE(_TEMP,_TEMP_FILE,";M6") (Строка: 16, Программа: CYCLE83, Канал: 1)
00:32:23.750 ENDIF (Строка: 16, Программа: CYCLE83, Канал: 1)
00:32:23.750 IF ($P_TOOL==0) (Строка: 16, Программа: CYCLE83, Канал: 1)
00:32:23.750 WRITE(_TEMP,_TEMP_FILE,";D0") (Строка: 16, Программа: CYCLE83, Канал: 1)
00:32:23.750 ELSE (Строка: 16, Программа: CYCLE83, Канал: 1)
00:32:23.750 WRITE(_TEMP,_TEMP_FILE,";D1") (Строка: 16, Программа: CYCLE83, Канал: 1)
00:32:23.750 ENDIF (Строка: 16, Программа: CYCLE83, Канал: 1)
00:32:23.750 WRITE(_TEMP,_TEMP_FILE,"G[06]="<<$P_GG[6]<<"    ; G17/G18/G19") (Строка: 16, Программа: CYCLE83, Канал: 1)
00:32:23.750 WRITE(_TEMP,_TEMP_FILE,"G[13]="<<$P_GG[13]<<"    ; G70/G71/...") (Строка: 16, Программа: CYCLE83, Канал: 1)
00:32:23.750 WRITE(_TEMP,_TEMP_FILE,"G[29]="<<$P_GG[29]<<"    ; DIAMON /...") (Строка: 16, Программа: CYCLE83, Канал: 1)
00:32:23.750 WRITE(_TEMP,_TEMP_FILE,"G[15]="<<$P_GG[15]<<"    ; G94/G95/... $P_F_TYPE="<<$P_F_TYPE) (Строка: 16, Программа: CYCLE83,
 Канал: 1)
00:32:23.750 IF($P_F_TYPE==11)OR($P_F_TYPE==33) (Строка: 16, Программа: CYCLE83, Канал: 1)
00:32:23.750 WRITE(_TEMP,_TEMP_FILE,"FZ="<<$P_FZ) (Строка: 16, Программа: CYCLE83, Канал: 1)
00:32:23.750 ELSE (Строка: 16, Программа: CYCLE83, Канал: 1)
00:32:23.750 WRITE(_TEMP,_TEMP_FILE,"F"<<$P_F) (Строка: 16, Программа: CYCLE83, Канал: 1)
00:32:23.750 ENDIF (Строка: 16, Программа: CYCLE83, Канал: 1)
00:32:23.750 IF $P_MSNUM==0 (Строка: 16, Программа: CYCLE83, Канал: 1)
00:32:23.750 WRITE(_TEMP,_TEMP_FILE,";$P_MSNUM=0 no spindle existant") (Строка: 16, Программа: CYCLE83, Канал: 1)
00:32:23.750 ELSE (Строка: 16, Программа: CYCLE83, Канал: 1)
00:32:23.750 WRITE(_TEMP,_TEMP_FILE,"S"<<$P_S[0]<<" M"<<$P_SDIR[$P_MSNUM]) (Строка: 16, Программа: CYCLE83, Канал: 1)
00:32:23.750 ENDIF (Строка: 16, Программа: CYCLE83, Канал: 1)
00:32:23.750 WRITE(_TEMP,_TEMP_FILE,"CYCLE83("<<RTP<<","<<RFP<<","<<SDIS<<","<<_DP<<","<<_DPR<<","<<FDEP<<","<<FDPR<<","<<_DAM<<","<
<_DTB<<","<<_DTS<<","<<FRF<<","<<VARI<<","<<_AXN<<","<<_MDEP<<","<<_VRT<<","<<__DTD<<","<<_DIS1<<","<<_GMODE<<","<<_DMODE<<","<<_AMODE<<")") (Строка: 16, Программа: CYCLE83, Канал: 1)
00:32:23.750 WRITE(_TEMP,_TEMP_FILE,"M30") (Строка: 16, Программа: CYCLE83, Канал: 1)
00:32:23.750 ENDIF (Строка: 16, Программа: CYCLE83, Канал: 1)
00:32:23.750 ENDIF (Строка: 70, Программа: CYCLE83, Канал: 1)
00:32:23.750 IF (_DPR==0) (Строка: 71, Программа: CYCLE83, Канал: 1)
00:32:23.750 IF NOT($P_SUBPAR[4]) (Строка: 72, Программа: CYCLE83, Канал: 1)
00:32:23.750 IF NOT($P_SUBPAR[4]) (Строка: 72, Программа: CYCLE83, Канал: 1)
00:32:23.750 _SERR=<<"(DP,DPR)" (Строка: 72, Программа: CYCLE83, Канал: 1)
00:32:23.750 GOTOF _FEHL18 (Строка: 72, Программа: CYCLE83, Канал: 1)
00:32:23.750 ENDIF (Строка: 72, Программа: CYCLE83, Канал: 1)
00:32:23.750 ENDIF (Строка: 75, Программа: CYCLE83, Канал: 1)
00:32:23.750 ENDIF (Строка: 76, Программа: CYCLE83, Канал: 1)
00:32:23.750 IF($P_GG[13]==1)OR($P_GG[13]==3) (Строка: 77, Программа: CYCLE83, Канал: 1)
00:32:23.750 IF($P_GG[13]==1)OR($P_GG[13]==3) (Строка: 77, Программа: CYCLE83, Канал: 1)
00:32:23.750 _FAK3=$MN_SCALING_VALUE_INCH (Строка: 77, Программа: CYCLE83, Канал: 1)
00:32:23.750 ELSE (Строка: 77, Программа: CYCLE83, Канал: 1)
00:32:23.750 ELSE (Строка: 79, Программа: CYCLE83, Канал: 1)
00:32:23.750 _FAK3=1 (Строка: 80, Программа: CYCLE83, Канал: 1)
00:32:23.750 ENDIF (Строка: 81, Программа: CYCLE83, Канал: 1)
00:32:23.750 IF($P_GG[13]<3) (Строка: 82, Программа: CYCLE83, Канал: 1)
00:32:23.750 IF($MN_SCALING_SYSTEM_IS_METRIC) (Строка: 83, Программа: CYCLE83, Канал: 1)
00:32:23.750 IF($P_GG[13]==1) (Строка: 84, Программа: CYCLE83, Канал: 1)
00:32:23.750 IF($P_GG[13]==1) (Строка: 84, Программа: CYCLE83, Канал: 1)
00:32:23.750 _FAK1=1/$MN_SCALING_VALUE_INCH (Строка: 84, Программа: CYCLE83, Канал: 1)
00:32:23.750 ENDIF (Строка: 84, Программа: CYCLE83, Канал: 1)
00:32:23.750 ENDIF (Строка: 86, Программа: CYCLE83, Канал: 1)
00:32:23.750 ELSE (Строка: 87, Программа: CYCLE83, Канал: 1)
00:32:23.750 ELSE (Строка: 87, Программа: CYCLE83, Канал: 1)
00:32:23.750 IF($P_GG[13]==2) (Строка: 87, Программа: CYCLE83, Канал: 1)
00:32:23.750 _FAK1=$MN_SCALING_VALUE_INCH (Строка: 87, Программа: CYCLE83, Канал: 1)
00:32:23.750 ENDIF (Строка: 87, Программа: CYCLE83, Канал: 1)
00:32:23.750 ENDIF (Строка: 87, Программа: CYCLE83, Канал: 1)
00:32:23.750 ENDIF (Строка: 91, Программа: CYCLE83, Канал: 1)
00:32:23.750 ENDIF (Строка: 92, Программа: CYCLE83, Канал: 1)
00:32:23.750 _DMODE1=_DMODE _DEC1 (Строка: 93, Программа: CYCLE83, Канал: 1)
00:32:23.750 _DMODE5=_DMODE _DEC5 (Строка: 94, Программа: CYCLE83, Канал: 1)
00:32:23.750 _AMODE1=_AMODE _DEC1 _AMODE2=_AMODE _DEC2 _AMODE3=_AMODE _DEC3 _AMODE4=_AMODE _DEC4 _AMODE5=_AMODE _DEC5 _AMODE6=_AMODE
 _DEC6 _AMODE7=_AMODE _DEC7 (Строка: 95, Программа: CYCLE83, Канал: 1)
00:32:23.750 IF (_DMODE5<0)OR(_DMODE5>1) (Строка: 96, Программа: CYCLE83, Канал: 1)
00:32:23.750 IF (_DMODE5<0)OR(_DMODE5>1) (Строка: 96, Программа: CYCLE83, Канал: 1)
00:32:23.750 GOTOF _FEHL39 (Строка: 96, Программа: CYCLE83, Канал: 1)
00:32:23.750 ENDIF (Строка: 96, Программа: CYCLE83, Канал: 1)
00:32:23.750 ENDIF (Строка: 98, Программа: CYCLE83, Канал: 1)
00:32:23.750 IF (_DMODE5==1) (Строка: 99, Программа: CYCLE83, Канал: 1)
00:32:23.750 IF (_DMODE5==1) (Строка: 99, Программа: CYCLE83, Канал: 1)
00:32:23.750 _PROG=SUBSTR($P_PROG[$P_STACK-1],3,STRLEN($P_PROG[$P_STACK-1])-7) (Строка: 99, Программа: CYCLE83, Канал: 1)
00:32:23.750 IF ( (_PROG <> "E_DR_PEC")AND(_PROG <> "F_DR_PEC")AND(_PROG <> "F_DRILL") ) (Строка: 99, Программа: CYCLE83, Канал: 1)
00:32:23.750 SDIS=($SCS_EASY_SAFETY_CLEARANCE)*_FAK1 (Строка: 99, Программа: CYCLE83, Канал: 1)
00:32:23.750 ENDIF (Строка: 99, Программа: CYCLE83, Канал: 1)
00:32:23.750 FRF=$SCS_EASY_DRILL_DEEP_FD1 (Строка: 99, Программа: CYCLE83, Канал: 1)
00:32:23.750 _DAM=$SCS_EASY_DRILL_DEEP_DF (Строка: 99, Программа: CYCLE83, Канал: 1)
00:32:23.750 _MDEP=($SCS_EASY_DRILL_DEEP_V1)*_FAK1 (Строка: 99, Программа: CYCLE83, Канал: 1)
00:32:23.750 _VRT=($SCS_EASY_DRILL_DEEP_V2)*_FAK1 (Строка: 99, Программа: CYCLE83, Канал: 1)
00:32:23.750 DTB=$SCS_EASY_DWELL_TIME (Строка: 99, Программа: CYCLE83, Канал: 1)
00:32:23.750 _DTD=$SCS_EASY_DWELL_TIME (Строка: 99, Программа: CYCLE83, Канал: 1)
00:32:23.750 DTS=$SCS_EASY_DWELL_TIME (Строка: 99, Программа: CYCLE83, Канал: 1)
00:32:23.750 IF $MCS_DISP_PLANE_MILL<>0 (Строка: 99, Программа: CYCLE83, Канал: 1)
00:32:23.750 _DMODE1=($MCS_DISP_PLANE_MILL-16) (Строка: 99, Программа: CYCLE83, Канал: 1)
00:32:23.750 G[6]=_DMODE1 (Строка: 99, Программа: CYCLE83, Канал: 1)
00:32:23.750 ELSE (Строка: 99, Программа: CYCLE83, Канал: 1)
00:32:23.750 _DMODE1=0 (Строка: 99, Программа: CYCLE83, Канал: 1)
00:32:23.750 ENDIF (Строка: 99, Программа: CYCLE83, Канал: 1)
00:32:23.750 _GMODE=0 (Строка: 99, Программа: CYCLE83, Канал: 1)
00:32:23.750 _AMODE6=2 (Строка: 99, Программа: CYCLE83, Канал: 1)
00:32:23.750 _AMODE7=1 (Строка: 99, Программа: CYCLE83, Канал: 1)
00:32:23.750 ENDIF (Строка: 99, Программа: CYCLE83, Канал: 1)
00:32:23.750 ENDIF (Строка: 120, Программа: CYCLE83, Канал: 1)
00:32:23.750 DAM=_DAM (Строка: 121, Программа: CYCLE83, Канал: 1)
00:32:23.750 DP=_DP DPR=_DPR (Строка: 122, Программа: CYCLE83, Канал: 1)
00:32:23.750 DTB=_DTB DTS=_DTS _DTD=__DTD (Строка: 123, Программа: CYCLE83, Канал: 1)
00:32:23.750 IF(_DMODE1<0)OR(_DMODE1>3) (Строка: 124, Программа: CYCLE83, Канал: 1)
00:32:23.750 IF(_DMODE1<0)OR(_DMODE1>3) (Строка: 124, Программа: CYCLE83, Канал: 1)
00:32:23.750 GOTOF _FEHL22 (Строка: 124, Программа: CYCLE83, Канал: 1)
00:32:23.750 ELSE (Строка: 124, Программа: CYCLE83, Канал: 1)
00:32:23.750 ELSE (Строка: 126, Программа: CYCLE83, Канал: 1)
00:32:23.750 IF($P_MC) (Строка: 127, Программа: CYCLE83, Канал: 1)
00:32:23.750 IF(_DMODE1==0)OR($P_GG[6]==_DMODE1) (Строка: 128, Программа: CYCLE83, Канал: 1)
00:32:23.750 ELSE (Строка: 129, Программа: CYCLE83, Канал: 1)
00:32:23.750 ELSE (Строка: 129, Программа: CYCLE83, Канал: 1)
00:32:23.750 GOTOF _FEHL23 (Строка: 129, Программа: CYCLE83, Канал: 1)
00:32:23.750 ENDIF (Строка: 129, Программа: CYCLE83, Канал: 1)
00:32:23.750 ENDIF (Строка: 131, Программа: CYCLE83, Канал: 1)
00:32:23.750 ELSE (Строка: 132, Программа: CYCLE83, Канал: 1)
00:32:23.750 ELSE (Строка: 132, Программа: CYCLE83, Канал: 1)
00:32:23.750 IF((_DMODE1>0)AND($P_GG[6]<>_DMODE1)) (Строка: 132, Программа: CYCLE83, Канал: 1)
00:32:23.750 G[6]=_DMODE1 (Строка: 132, Программа: CYCLE83, Канал: 1)
00:32:23.750 ENDIF (Строка: 132, Программа: CYCLE83, Канал: 1)
00:32:23.750 ENDIF (Строка: 132, Программа: CYCLE83, Канал: 1)
00:32:23.750 ENDIF (Строка: 136, Программа: CYCLE83, Канал: 1)
00:32:23.750 ENDIF (Строка: 137, Программа: CYCLE83, Канал: 1)
00:32:23.750 IF(_AMODE1<0)OR(_AMODE1>2) GOTOF _FEHL24 (Строка: 138, Программа: CYCLE83, Канал: 1)
00:32:23.750 IF(_AMODE1<0)OR(_AMODE1>2) GOTOF _FEHL24 (Строка: 138, Программа: CYCLE83, Канал: 1)
00:32:23.750 IF(_AMODE1<0)OR(_AMODE1>2) GOTOF _FEHL24 (Строка: 138, Программа: CYCLE83, Канал: 1)
00:32:23.750 IF((_AMODE1==2) AND ($P_SUBPAR[4]==0)) GOTOF _FEHL29 (Строка: 139, Программа: CYCLE83, Канал: 1)
00:32:23.750 IF((_AMODE1==2) AND ($P_SUBPAR[4]==0)) GOTOF _FEHL29 (Строка: 139, Программа: CYCLE83, Канал: 1)
00:32:23.750 IF((_AMODE1==2) AND ($P_SUBPAR[4]==0)) GOTOF _FEHL29 (Строка: 139, Программа: CYCLE83, Канал: 1)
00:32:23.750 IF((_AMODE1==1) AND ($P_SUBPAR[5]==0)) GOTOF _FEHL30 (Строка: 140, Программа: CYCLE83, Канал: 1)
00:32:23.750 IF((_AMODE1==1) AND ($P_SUBPAR[5]==0)) GOTOF _FEHL30 (Строка: 140, Программа: CYCLE83, Канал: 1)
00:32:23.750 IF((_AMODE1==1) AND ($P_SUBPAR[5]==0)) GOTOF _FEHL30 (Строка: 140, Программа: CYCLE83, Канал: 1)
00:32:23.750 IF(_AMODE5<0)OR(_AMODE5>2) GOTOF _FEHL28 (Строка: 141, Программа: CYCLE83, Канал: 1)
00:32:23.750 IF(_AMODE5<0)OR(_AMODE5>2) GOTOF _FEHL28 (Строка: 141, Программа: CYCLE83, Канал: 1)
00:32:23.750 IF(_AMODE5<0)OR(_AMODE5>2) GOTOF _FEHL28 (Строка: 141, Программа: CYCLE83, Канал: 1)
00:32:23.750 IF((_AMODE5==2) AND ($P_SUBPAR[6]==0)) GOTOF _FEHL31 (Строка: 142, Программа: CYCLE83, Канал: 1)
00:32:23.750 IF((_AMODE5==2) AND ($P_SUBPAR[6]==0)) GOTOF _FEHL31 (Строка: 142, Программа: CYCLE83, Канал: 1)
00:32:23.750 IF((_AMODE5==2) AND ($P_SUBPAR[6]==0)) GOTOF _FEHL31 (Строка: 142, Программа: CYCLE83, Канал: 1)
00:32:23.750 IF((_AMODE5==1) AND ($P_SUBPAR[7]==0)) GOTOF _FEHL32 (Строка: 143, Программа: CYCLE83, Канал: 1)
00:32:23.750 IF((_AMODE5==1) AND ($P_SUBPAR[7]==0)) GOTOF _FEHL32 (Строка: 143, Программа: CYCLE83, Канал: 1)
00:32:23.750 IF((_AMODE5==1) AND ($P_SUBPAR[7]==0)) GOTOF _FEHL32 (Строка: 143, Программа: CYCLE83, Канал: 1)
00:32:23.750 IF(_AMODE6<0)OR(_AMODE6>2) GOTOF _FEHL34 (Строка: 144, Программа: CYCLE83, Канал: 1)
00:32:23.750 IF(_AMODE6<0)OR(_AMODE6>2) GOTOF _FEHL34 (Строка: 144, Программа: CYCLE83, Канал: 1)
00:32:23.750 IF(_AMODE6<0)OR(_AMODE6>2) GOTOF _FEHL34 (Строка: 144, Программа: CYCLE83, Канал: 1)
00:32:23.750 IF(_DTD==0) (Строка: 145, Программа: CYCLE83, Канал: 1)
00:32:23.750 _DTD=DTB (Строка: 146, Программа: CYCLE83, Канал: 1)
00:32:23.750 _AMODE4=_AMODE2 (Строка: 147, Программа: CYCLE83, Канал: 1)
00:32:23.750 ENDIF (Строка: 148, Программа: CYCLE83, Канал: 1)
00:32:23.750 IF(_AMODE2<0)OR(_AMODE2>2) GOTOF _FEHL25 (Строка: 149, Программа: CYCLE83, Канал: 1)
00:32:23.750 IF(_AMODE2<0)OR(_AMODE2>2) GOTOF _FEHL25 (Строка: 149, Программа: CYCLE83, Канал: 1)
00:32:23.750 IF(_AMODE2<0)OR(_AMODE2>2) GOTOF _FEHL25 (Строка: 149, Программа: CYCLE83, Канал: 1)
00:32:23.750 IF ((_AMODE2==2)AND(DTB>0)) (Строка: 150, Программа: CYCLE83, Канал: 1)
00:32:23.750 IF ((_AMODE2==2)AND(DTB>0)) (Строка: 150, Программа: CYCLE83, Канал: 1)
00:32:23.750 DTB=-DTB (Строка: 150, Программа: CYCLE83, Канал: 1)
00:32:23.750 ENDIF (Строка: 150, Программа: CYCLE83, Канал: 1)
00:32:23.750 ENDIF (Строка: 152, Программа: CYCLE83, Канал: 1)
00:32:23.750 IF ((_AMODE2==1)AND(DTB<0)) (Строка: 153, Программа: CYCLE83, Канал: 1)
00:32:23.750 IF ((_AMODE2==1)AND(DTB<0)) (Строка: 153, Программа: CYCLE83, Канал: 1)
00:32:23.750 DTB=ABS(DTB) (Строка: 153, Программа: CYCLE83, Канал: 1)
00:32:23.750 ENDIF (Строка: 153, Программа: CYCLE83, Канал: 1)
00:32:23.750 ENDIF (Строка: 155, Программа: CYCLE83, Канал: 1)
00:32:23.750 IF(_AMODE4<0)OR(_AMODE4>2) GOTOF _FEHL27 (Строка: 156, Программа: CYCLE83, Канал: 1)
00:32:23.750 IF(_AMODE4<0)OR(_AMODE4>2) GOTOF _FEHL27 (Строка: 156, Программа: CYCLE83, Канал: 1)
00:32:23.750 IF(_AMODE4<0)OR(_AMODE4>2) GOTOF _FEHL27 (Строка: 156, Программа: CYCLE83, Канал: 1)
00:32:23.750 IF ((_AMODE4==2)AND(_DTD>0)) (Строка: 157, Программа: CYCLE83, Канал: 1)
00:32:23.750 IF ((_AMODE4==2)AND(_DTD>0)) (Строка: 157, Программа: CYCLE83, Канал: 1)
00:32:23.750 _DTD=-_DTD (Строка: 157, Программа: CYCLE83, Канал: 1)
00:32:23.750 ENDIF (Строка: 157, Программа: CYCLE83, Канал: 1)
00:32:23.750 ENDIF (Строка: 159, Программа: CYCLE83, Канал: 1)
00:32:23.750 IF ((_AMODE4==1)AND(_DTD<0)) (Строка: 160, Программа: CYCLE83, Канал: 1)
00:32:23.750 IF ((_AMODE4==1)AND(_DTD<0)) (Строка: 160, Программа: CYCLE83, Канал: 1)
00:32:23.750 _DTD=ABS(_DTD) (Строка: 160, Программа: CYCLE83, Канал: 1)
00:32:23.750 ENDIF (Строка: 160, Программа: CYCLE83, Канал: 1)
00:32:23.750 ENDIF (Строка: 162, Программа: CYCLE83, Канал: 1)
00:32:23.750 IF(_AMODE3<0)OR(_AMODE3>2) GOTOF _FEHL26 (Строка: 163, Программа: CYCLE83, Канал: 1)
00:32:23.750 IF(_AMODE3<0)OR(_AMODE3>2) GOTOF _FEHL26 (Строка: 163, Программа: CYCLE83, Канал: 1)
00:32:23.750 IF(_AMODE3<0)OR(_AMODE3>2) GOTOF _FEHL26 (Строка: 163, Программа: CYCLE83, Канал: 1)
00:32:23.750 IF ((_AMODE3==2)AND(DTS>0)) (Строка: 164, Программа: CYCLE83, Канал: 1)
00:32:23.750 IF ((_AMODE3==2)AND(DTS>0)) (Строка: 164, Программа: CYCLE83, Канал: 1)
00:32:23.750 DTS=-DTS (Строка: 164, Программа: CYCLE83, Канал: 1)
00:32:23.750 ENDIF (Строка: 164, Программа: CYCLE83, Канал: 1)
00:32:23.750 ENDIF (Строка: 166, Программа: CYCLE83, Канал: 1)
00:32:23.750 IF ((_AMODE3==1)AND(DTS<0)) (Строка: 167, Программа: CYCLE83, Канал: 1)
00:32:23.750 IF ((_AMODE3==1)AND(DTS<0)) (Строка: 167, Программа: CYCLE83, Канал: 1)
00:32:23.750 DTS=ABS(DTS) (Строка: 167, Программа: CYCLE83, Канал: 1)
00:32:23.750 ENDIF (Строка: 167, Программа: CYCLE83, Канал: 1)
00:32:23.750 ENDIF (Строка: 169, Программа: CYCLE83, Канал: 1)
00:32:23.750 IF(_AMODE7<0)OR(_AMODE7>2) GOTOF _FEHL36 (Строка: 170, Программа: CYCLE83, Канал: 1)
00:32:23.750 IF(_AMODE7<0)OR(_AMODE7>2) GOTOF _FEHL36 (Строка: 170, Программа: CYCLE83, Канал: 1)
00:32:23.750 IF(_AMODE7<0)OR(_AMODE7>2) GOTOF _FEHL36 (Строка: 170, Программа: CYCLE83, Канал: 1)
00:32:23.750 _VARI1 = VARI _DEC1 ;_VARI2 = VARI _DEC2 (Строка: 171, Программа: CYCLE83, Канал: 1)
00:32:23.750 IF (_VARI1<0) OR (_VARI1>2) GOTOF _FEHL33 (Строка: 172, Программа: CYCLE83, Канал: 1)
00:32:23.750 IF (_VARI1<0) OR (_VARI1>2) GOTOF _FEHL33 (Строка: 172, Программа: CYCLE83, Канал: 1)
00:32:23.750 IF (_VARI1<0) OR (_VARI1>2) GOTOF _FEHL33 (Строка: 172, Программа: CYCLE83, Канал: 1)
00:32:23.750 IF(_VARI1==1) (Строка: 173, Программа: CYCLE83, Канал: 1)
00:32:23.750 IF(_AMODE7==1) (Строка: 174, Программа: CYCLE83, Канал: 1)
00:32:23.750 IF(_AMODE7==1) (Строка: 174, Программа: CYCLE83, Канал: 1)
00:32:23.750 _DIS1=0 (Строка: 174, Программа: CYCLE83, Канал: 1)
00:32:23.750 ENDIF (Строка: 174, Программа: CYCLE83, Канал: 1)
00:32:23.750 ENDIF (Строка: 176, Программа: CYCLE83, Канал: 1)
00:32:23.750 IF(_AMODE7==2) AND ((_DIS1==0) OR ($P_SUBPAR[17]==0)) GOTOF _FEHL37 (Строка: 177, Программа: CYCLE83, Канал: 1)
00:32:23.750 IF(_AMODE7==2) AND ((_DIS1==0) OR ($P_SUBPAR[17]==0)) GOTOF _FEHL37 (Строка: 177, Программа: CYCLE83, Канал: 1)
00:32:23.750 IF(_AMODE7==2) AND ((_DIS1==0) OR ($P_SUBPAR[17]==0)) GOTOF _FEHL37 (Строка: 177, Программа: CYCLE83, Канал: 1)
00:32:23.750 ENDIF (Строка: 178, Программа: CYCLE83, Канал: 1)
00:32:23.750 IF (_AMODE6==2) (Строка: 179, Программа: CYCLE83, Канал: 1)
00:32:23.750 IF (_AMODE6==2) (Строка: 179, Программа: CYCLE83, Канал: 1)
00:32:23.750 IF DAM==100 (Строка: 179, Программа: CYCLE83, Канал: 1)
00:32:23.750 DAM=0 (Строка: 179, Программа: CYCLE83, Канал: 1)
00:32:23.750 ELSE (Строка: 179, Программа: CYCLE83, Канал: 1)
00:32:23.750 DAM=-(ABS(DAM))/100 (Строка: 179, Программа: CYCLE83, Канал: 1)
00:32:23.750 ENDIF (Строка: 179, Программа: CYCLE83, Канал: 1)
00:32:23.750 ENDIF (Строка: 179, Программа: CYCLE83, Канал: 1)
00:32:23.750 ENDIF (Строка: 185, Программа: CYCLE83, Канал: 1)
00:32:23.750 IF (_AMODE6==1) (Строка: 186, Программа: CYCLE83, Канал: 1)
00:32:23.750 IF (_AMODE6==1) (Строка: 186, Программа: CYCLE83, Канал: 1)
00:32:23.750 DAM=ABS(DAM) (Строка: 186, Программа: CYCLE83, Канал: 1)
00:32:23.750 ENDIF (Строка: 186, Программа: CYCLE83, Канал: 1)
00:32:23.750 ENDIF (Строка: 188, Программа: CYCLE83, Канал: 1)
00:32:23.750 IF DAM<-1 GOTOF _FEHL4 (Строка: 189, Программа: CYCLE83, Канал: 1)
00:32:23.750 IF DAM<-1 GOTOF _FEHL4 (Строка: 189, Программа: CYCLE83, Канал: 1)
00:32:23.750 IF DAM<-1 GOTOF _FEHL4 (Строка: 189, Программа: CYCLE83, Канал: 1)
00:32:23.750 _ABS=1 _ORD=2 _APP=3 (Строка: 190, Программа: CYCLE83, Канал: 1)
00:32:23.750 IF $P_GG[6]==2 (Строка: 191, Программа: CYCLE83, Канал: 1)
00:32:23.750 IF $P_GG[6]==2 (Строка: 191, Программа: CYCLE83, Канал: 1)
00:32:23.750 _ABS=3 _ORD=1 _APP=2 (Строка: 191, Программа: CYCLE83, Канал: 1)
00:32:23.750 ENDIF (Строка: 191, Программа: CYCLE83, Канал: 1)
00:32:23.750 ENDIF (Строка: 193, Программа: CYCLE83, Канал: 1)
00:32:23.750 IF $P_GG[6]==3 (Строка: 194, Программа: CYCLE83, Канал: 1)
00:32:23.750 IF $P_GG[6]==3 (Строка: 194, Программа: CYCLE83, Канал: 1)
00:32:23.750 _ABS=2 _ORD=3 _APP=1 (Строка: 194, Программа: CYCLE83, Канал: 1)
00:32:23.750 ENDIF (Строка: 194, Программа: CYCLE83, Канал: 1)
00:32:23.750 ENDIF (Строка: 196, Программа: CYCLE83, Канал: 1)
00:32:23.750 IF _SC_TOOL_VALI[0]<>0 (Строка: 197, Программа: CYCLE83, Канал: 1)
00:32:23.750 IF _SC_TOOL_VALI[0]<>0 (Строка: 197, Программа: CYCLE83, Канал: 1)
00:32:23.750 _ARTIS[0]=_SC_TOOL_VALI[0] _ARTIS[1]=_SC_TOOL_VALI[1] _ARTIS[2]=_SC_TOOL_VALI[2] _ARTIS[3]=_SC_TOOL_VALI[3] _ARTIS[4]=_
SC_TOOL_VALI[4] _ARTIS[5]=_SC_TOOL_VALI[5] _ARTIS[6]=_SC_TOOL_VALI[6] (Строка: 197, Программа: CYCLE83, Канал: 1)
00:32:23.750 _ARTIS[7]=_SC_TOOL_ON_OFF[0] _ARTIS[8]=_SC_TOOL_ON_OFF[1] (Строка: 197, Программа: CYCLE83, Канал: 1)
00:32:23.750 IF (SUBSTR($P_PROG[$P_STACK-1],3,7)=="CYCLE37") OR (SUBSTR($P_PROG[$P_STACK-1],3,7)=="CYCLE38") (Строка: 197, Программа
: CYCLE83, Канал: 1)
00:32:23.750 _ARTIS[0]=0 (Строка: 197, Программа: CYCLE83, Канал: 1)
00:32:23.750 GOTOF _END_ARTIS_STAT (Строка: 197, Программа: CYCLE83, Канал: 1)
00:32:23.750 ENDIF (Строка: 197, Программа: CYCLE83, Канал: 1)
00:32:23.750 IF (SUBSTR($P_PROG[$P_STACK-1],3,6)=="HOLES1") OR (SUBSTR($P_PROG[$P_STACK-1],3,6)=="HOLES2") OR (SUBSTR($P_PROG[$P_STA
CK-1],3,8)=="CYCLE801") (Строка: 197, Программа: CYCLE83, Канал: 1)
00:32:23.750 _ARTIS[15]=1 (Строка: 197, Программа: CYCLE83, Канал: 1)
00:32:23.750 GOTOF _END_ARTIS_STAT (Строка: 197, Программа: CYCLE83, Канал: 1)
00:32:23.750 ENDIF (Строка: 197, Программа: CYCLE83, Канал: 1)
00:32:23.750 IF (_ARTIS[0] MOD 10 <>1 ) (Строка: 197, Программа: CYCLE83, Канал: 1)
00:32:23.750 GOTOF _FEHL5 (Строка: 197, Программа: CYCLE83, Канал: 1)
00:32:23.750 ENDIF (Строка: 197, Программа: CYCLE83, Канал: 1)
00:32:23.750 _II=_ARTIS[0] DIV 10 (Строка: 197, Программа: CYCLE83, Канал: 1)
00:32:23.750 IF ((_II MOD 10 > 3) OR (_II MOD 10 < 1)) (Строка: 197, Программа: CYCLE83, Канал: 1)
00:32:23.750 GOTOF _FEHL5 (Строка: 197, Программа: CYCLE83, Канал: 1)
00:32:23.750 ELSE (Строка: 197, Программа: CYCLE83, Канал: 1)
00:32:23.750 _ARTIS[11]=_II MOD 10 (Строка: 197, Программа: CYCLE83, Канал: 1)
00:32:23.750 IF (_ARTIS[3]<>0) (Строка: 197, Программа: CYCLE83, Канал: 1)
00:32:23.750 _ARTIS[13]=_ARTIS[1] (Строка: 197, Программа: CYCLE83, Канал: 1)
00:32:23.750 ENDIF (Строка: 197, Программа: CYCLE83, Канал: 1)
00:32:23.750 IF (_ARTIS[6]<>0) (Строка: 197, Программа: CYCLE83, Канал: 1)
00:32:23.750 _ARTIS[14]=_ARTIS[4] (Строка: 197, Программа: CYCLE83, Канал: 1)
00:32:23.750 ENDIF (Строка: 197, Программа: CYCLE83, Канал: 1)
00:32:23.750 ENDIF (Строка: 197, Программа: CYCLE83, Канал: 1)
00:32:23.750 _II=_II DIV 10 (Строка: 197, Программа: CYCLE83, Канал: 1)
00:32:23.750 IF ((_II MOD 10 > 2) OR (_II MOD 10 < 0)) (Строка: 197, Программа: CYCLE83, Канал: 1)
00:32:23.750 GOTOF _FEHL5 (Строка: 197, Программа: CYCLE83, Канал: 1)
00:32:23.750 ELSE (Строка: 197, Программа: CYCLE83, Канал: 1)
00:32:23.750 _ARTIS[12]=_II MOD 10 (Строка: 197, Программа: CYCLE83, Канал: 1)
00:32:23.750 ENDIF (Строка: 197, Программа: CYCLE83, Канал: 1)
00:32:23.750 ENDIF (Строка: 197, Программа: CYCLE83, Канал: 1)
00:32:23.750 ENDIF (Строка: 229, Программа: CYCLE83, Канал: 1)
00:32:23.750 _END_ARTIS_STAT: (Строка: 230, Программа: CYCLE83, Канал: 1)
00:32:23.750 HH2=FDEP HH4=$P_F HH6=0 HZ=1 (Строка: 231, Программа: CYCLE83, Канал: 1)
00:32:23.750 CASE _AXN OF 1 GOTOF _AX1 2 GOTOF _AX2 DEFAULT GOTOF _AX3 (Строка: 232, Программа: CYCLE83, Канал: 1)
00:32:23.750 CASE _AXN OF 1 GOTOF _AX1 2 GOTOF _AX2 DEFAULT GOTOF _AX3 (Строка: 232, Программа: CYCLE83, Канал: 1)
00:32:23.750 _AX1: (Строка: 232, Программа: CYCLE83, Канал: 1)
00:32:23.750 IF ISAXIS(_ABS) (Строка: 232, Программа: CYCLE83, Канал: 1)
00:32:23.750 _Z=$P_AXN1 (Строка: 232, Программа: CYCLE83, Канал: 1)
00:32:23.750 GOTOF _AX (Строка: 232, Программа: CYCLE83, Канал: 1)
00:32:23.750 ELSE (Строка: 232, Программа: CYCLE83, Канал: 1)
00:32:23.750 GOTOF _FEHL3 (Строка: 232, Программа: CYCLE83, Канал: 1)
00:32:23.750 ENDIF (Строка: 232, Программа: CYCLE83, Канал: 1)
00:32:23.750 _AX2: (Строка: 232, Программа: CYCLE83, Канал: 1)
00:32:23.750 IF ISAXIS(_ORD) (Строка: 232, Программа: CYCLE83, Канал: 1)
00:32:23.750 _Z=$P_AXN2 (Строка: 232, Программа: CYCLE83, Канал: 1)
00:32:23.750 GOTOF _AX (Строка: 232, Программа: CYCLE83, Канал: 1)
00:32:23.750 ELSE (Строка: 232, Программа: CYCLE83, Канал: 1)
00:32:23.750 GOTOF _FEHL3 (Строка: 232, Программа: CYCLE83, Канал: 1)
00:32:23.750 ENDIF (Строка: 232, Программа: CYCLE83, Канал: 1)
00:32:23.750 _AX3: (Строка: 232, Программа: CYCLE83, Канал: 1)
00:32:23.750 _AX3: (Строка: 247, Программа: CYCLE83, Канал: 1)
00:32:23.750 IF ISAXIS(_APP) (Строка: 248, Программа: CYCLE83, Канал: 1)
00:32:23.750 _Z=$P_AXN3 (Строка: 249, Программа: CYCLE83, Канал: 1)
00:32:23.750 ELSE (Строка: 250, Программа: CYCLE83, Канал: 1)
00:32:23.750 ELSE (Строка: 250, Программа: CYCLE83, Канал: 1)
00:32:23.750 GOTOF _FEHL3 (Строка: 250, Программа: CYCLE83, Канал: 1)
00:32:23.750 ENDIF (Строка: 250, Программа: CYCLE83, Канал: 1)
00:32:23.750 ENDIF (Строка: 252, Программа: CYCLE83, Канал: 1)
00:32:23.750 _AX: (Строка: 253, Программа: CYCLE83, Канал: 1)
00:32:23.750 FRF=ABS(FRF) FDPR=ABS(FDPR) DPR=ABS(DPR) SDIS=ABS(SDIS) (Строка: 254, Программа: CYCLE83, Канал: 1)
00:32:23.750 _HMF=$P_ACTFRAME[_Z,SC] (Строка: 255, Программа: CYCLE83, Канал: 1)
00:32:23.750 IF NOT((SUBSTR($P_PROG[$P_STACK-1],3,6)=="CYCLE3")) (Строка: 256, Программа: CYCLE83, Канал: 1)
00:32:23.750 IF($P_TOOL>0) (Строка: 257, Программа: CYCLE83, Канал: 1)
00:32:23.750 _TYP=$P_ADT[1] (Строка: 258, Программа: CYCLE83, Канал: 1)
00:32:23.750 IF(_TYP<100) OR ((_TYP>299) AND NOT (_TYP==560)) GOTOF _FEHL6 (Строка: 259, Программа: CYCLE83, Канал: 1)
00:32:23.750 IF(_TYP<100) OR ((_TYP>299) AND NOT (_TYP==560)) GOTOF _FEHL6 (Строка: 259, Программа: CYCLE83, Канал: 1)
00:32:23.750 IF(_TYP<100) OR ((_TYP>299) AND NOT (_TYP==560)) GOTOF _FEHL6 (Строка: 259, Программа: CYCLE83, Канал: 1)
00:32:23.750 ELSE (Строка: 260, Программа: CYCLE83, Канал: 1)
00:32:23.750 ELSE (Строка: 260, Программа: CYCLE83, Канал: 1)
00:32:23.750 GOTOF _FEHL38 (Строка: 260, Программа: CYCLE83, Канал: 1)
00:32:23.750 ENDIF (Строка: 260, Программа: CYCLE83, Канал: 1)
00:32:23.750 ENDIF (Строка: 262, Программа: CYCLE83, Канал: 1)
00:32:23.750 IF ((_GMODE _DEC2)==1) (Строка: 263, Программа: CYCLE83, Канал: 1)
00:32:23.750 IF ((_GMODE _DEC2)==1) (Строка: 263, Программа: CYCLE83, Канал: 1)
00:32:23.750 IF ((DP<>0) AND (DPR==0)) (Строка: 263, Программа: CYCLE83, Канал: 1)
00:32:23.750 _HHA=DP (Строка: 263, Программа: CYCLE83, Канал: 1)
00:32:23.750 ENDIF (Строка: 263, Программа: CYCLE83, Канал: 1)
00:32:23.750 IF ((DP==0) AND (DPR<>0)) (Строка: 263, Программа: CYCLE83, Канал: 1)
00:32:23.750 _HHA=DPR _PM1=1 (Строка: 263, Программа: CYCLE83, Канал: 1)
00:32:23.750 ENDIF (Строка: 263, Программа: CYCLE83, Канал: 1)
00:32:23.750 IF(_TYP<200) OR (_TYP>299) GOTOF _FEHL7 (Строка: 263, Программа: CYCLE83, Канал: 1)
00:32:23.750 IF(_TYP<>205)AND(_TYP<>210)AND(_TYP<>231)AND(_TYP<>240)AND(_TYP<>241)AND(_TYP<>242)AND(_TYP<>250) (Строка: 263, Програм
ма: CYCLE83, Канал: 1)
00:32:23.750 IF ($P_ADT[24]>0)AND($P_ADT[24]<180) (Строка: 263, Программа: CYCLE83, Канал: 1)
00:32:23.750 _HHA=_HHA+$P_TOOLR*_FAK1/TAN($P_ADT[24]/2)*(_PM1) (Строка: 263, Программа: CYCLE83, Канал: 1)
00:32:23.750 S_SPITZE=$P_TOOLR*_FAK1/TAN($P_ADT[24]/2) (Строка: 263, Программа: CYCLE83, Канал: 1)
00:32:23.750 ENDIF (Строка: 263, Программа: CYCLE83, Канал: 1)
00:32:23.750 IF ((DP<>0) AND (DPR==0)) (Строка: 263, Программа: CYCLE83, Канал: 1)
00:32:23.750 DP=_HHA (Строка: 263, Программа: CYCLE83, Канал: 1)
00:32:23.750 ENDIF (Строка: 263, Программа: CYCLE83, Канал: 1)
00:32:23.750 IF ((DP==0) AND (DPR<>0)) (Строка: 263, Программа: CYCLE83, Канал: 1)
00:32:23.750 DPR=_HHA (Строка: 263, Программа: CYCLE83, Канал: 1)
00:32:23.750 ENDIF (Строка: 263, Программа: CYCLE83, Канал: 1)
00:32:23.750 ENDIF (Строка: 263, Программа: CYCLE83, Канал: 1)
00:32:23.750 ENDIF (Строка: 263, Программа: CYCLE83, Канал: 1)
00:32:23.750 ENDIF (Строка: 283, Программа: CYCLE83, Канал: 1)
00:32:23.750 ENDIF (Строка: 284, Программа: CYCLE83, Канал: 1)
00:32:23.750 IF(((DPR==0)AND(_AMODE1==0))OR(_AMODE1==2)) GOTOF _MA1 (Строка: 285, Программа: CYCLE83, Канал: 1)
00:32:23.750 IF(((DPR==0)AND(_AMODE1==0))OR(_AMODE1==2)) GOTOF _MA1 (Строка: 285, Программа: CYCLE83, Канал: 1)
00:32:23.750 IF RTP==RFP GOTOF _FEHL1 (Строка: 285, Программа: CYCLE83, Канал: 1)
00:32:23.750 HH2=RFP-((RTP-RFP)/ABS(RTP-RFP)*DPR) (Строка: 285, Программа: CYCLE83, Канал: 1)
00:32:23.750 IF(DP==0)GOTOF _MA0 (Строка: 285, Программа: CYCLE83, Канал: 1)
00:32:23.750 IF(DP==HH2)GOTOF _MA1 (Строка: 285, Программа: CYCLE83, Канал: 1)
00:32:23.750 _MA0:DP=HH2 (Строка: 285, Программа: CYCLE83, Канал: 1)
00:32:23.750 _MA1:IF(RFP==DP)GOTOF _FEHL30 (Строка: 285, Программа: CYCLE83, Канал: 1)
00:32:23.750 cycle83
Parse error after reading '_MA1:IF(RF=D'. (Строка: 285, Программа: CYCLE83, Канал: 1)
00:32:23.750 HH1=(RFP-DP)/ABS(RFP-DP) (Строка: 285, Программа: CYCLE83, Канал: 1)
00:32:23.750 IF NOT (RTP==RFP) (Строка: 285, Программа: CYCLE83, Канал: 1)
00:32:23.750 IF ((RTP-RFP)/ABS(RTP-RFP) <> HH1) (Строка: 285, Программа: CYCLE83, Канал: 1)
00:32:23.750 GOTOF _FEHL1 (Строка: 285, Программа: CYCLE83, Канал: 1)
00:32:23.750 ENDIF (Строка: 285, Программа: CYCLE83, Канал: 1)
00:32:23.750 ENDIF (Строка: 285, Программа: CYCLE83, Канал: 1)
00:32:23.750 IF (_AMODE _DEC8==0) (Строка: 285, Программа: CYCLE83, Канал: 1)
00:32:23.750 IF(FRF<=1)AND(FRF>0.001) (Строка: 285, Программа: CYCLE83, Канал: 1)
00:32:23.750 GOTOF _MA3 (Строка: 285, Программа: CYCLE83, Канал: 1)
00:32:23.750 ENDIF (Строка: 285, Программа: CYCLE83, Канал: 1)
00:32:23.750 IF(FRF<0.001) (Строка: 285, Программа: CYCLE83, Канал: 1)
00:32:23.750 GOTOF _MA2 (Строка: 285, Программа: CYCLE83, Канал: 1)
00:32:23.750 ENDIF (Строка: 285, Программа: CYCLE83, Канал: 1)
00:32:23.750 FRF=1 (Строка: 285, Программа: CYCLE83, Канал: 1)
00:32:23.750 GOTOF _MA3 (Строка: 285, Программа: CYCLE83, Канал: 1)
00:32:23.750 _MA2:FRF=0.001 (Строка: 285, Программа: CYCLE83, Канал: 1)
00:32:23.750 _MA3:HH3=FRF (Строка: 285, Программа: CYCLE83, Канал: 1)
00:32:23.750 ELSE (Строка: 285, Программа: CYCLE83, Канал: 1)
00:32:23.750 IF (FRF>999.999) (Строка: 285, Программа: CYCLE83, Канал: 1)
00:32:23.750 FRF=999.999 (Строка: 285, Программа: CYCLE83, Канал: 1)
00:32:23.750 ENDIF (Строка: 285, Программа: CYCLE83, Канал: 1)
00:32:23.750 IF (FRF<0.001) (Строка: 285, Программа: CYCLE83, Канал: 1)
00:32:23.750 FRF=0.001 (Строка: 285, Программа: CYCLE83, Канал: 1)
00:32:23.750 ENDIF (Строка: 285, Программа: CYCLE83, Канал: 1)
00:32:23.750 HH3=FRF/100 (Строка: 285, Программа: CYCLE83, Канал: 1)
00:32:23.750 ENDIF (Строка: 285, Программа: CYCLE83, Канал: 1)
00:32:23.750 IF(((FDPR==0)AND(_AMODE5==0))OR(_AMODE5==2)) GOTOF _MA4A (Строка: 285, Программа: CYCLE83, Канал: 1)
00:32:23.750 HH2=RFP-HH1*FDPR (Строка: 285, Программа: CYCLE83, Канал: 1)
00:32:23.750 IF(FDEP==0)GOTOF _MA4 (Строка: 285, Программа: CYCLE83, Канал: 1)
00:32:23.750 IF(FDEP==HH2)GOTOF _MA4A (Строка: 285, Программа: CYCLE83, Канал: 1)
00:32:23.750 _MA4:FDEP=HH2 (Строка: 285, Программа: CYCLE83, Канал: 1)
00:32:23.750 _MA4A:FDPR=ABS(RFP-FDEP) (Строка: 285, Программа: CYCLE83, Канал: 1)
00:32:23.750 IF(FDPR==0)GOTOF _MM4B (Строка: 285, Программа: CYCLE83, Канал: 1)
00:32:23.750 HH2=(RFP-FDEP)/FDPR (Строка: 285, Программа: CYCLE83, Канал: 1)
00:32:23.750 IF(HH2<>HH1)GOTOF _FEHL2 (Строка: 285, Программа: CYCLE83, Канал: 1)
00:32:23.750 _MM4B:HH2=FDEP (Строка: 285, Программа: CYCLE83, Канал: 1)
00:32:23.750 IF((HH2-DP)*HH1<0) (Строка: 285, Программа: CYCLE83, Канал: 1)
00:32:23.750 HH2=DP (Строка: 285, Программа: CYCLE83, Канал: 1)
00:32:23.750 FDEP=DP (Строка: 285, Программа: CYCLE83, Канал: 1)
00:32:23.750 FDPR=ABS(RFP-DP) (Строка: 285, Программа: CYCLE83, Канал: 1)
00:32:23.750 ENDIF (Строка: 285, Программа: CYCLE83, Канал: 1)
00:32:23.750 _HH9=FDPR (Строка: 285, Программа: CYCLE83, Канал: 1)
00:32:23.750 IF(_VARI1==0) (Строка: 285, Программа: CYCLE83, Канал: 1)
00:32:23.750 IF(_VRT<=0) (Строка: 285, Программа: CYCLE83, Канал: 1)
00:32:23.750 _VRT=HZ/_FAK3 (Строка: 285, Программа: CYCLE83, Канал: 1)
00:32:23.750 ENDIF (Строка: 285, Программа: CYCLE83, Канал: 1)
00:32:23.750 ENDIF (Строка: 285, Программа: CYCLE83, Канал: 1)
00:32:23.750 IF (_VARI1==2) (Строка: 285, Программа: CYCLE83, Канал: 1)
00:32:23.750 DTB=-1 (Строка: 285, Программа: CYCLE83, Канал: 1)
00:32:23.750 ENDIF (Строка: 285, Программа: CYCLE83, Канал: 1)
00:32:23.750 FDEP=RFP*_HMF-FDPR*HH1 (Строка: 285, Программа: CYCLE83, Канал: 1)
00:32:23.750 FDEP=FDEP-S_SPITZE*HH1 HH2=FDEP (Строка: 285, Программа: CYCLE83, Канал: 1)
00:32:23.750 HH7=1 (Строка: 285, Программа: CYCLE83, Канал: 1)
00:32:23.750 _MA5: (Строка: 285, Программа: CYCLE83, Канал: 1)
00:32:23.750 SBLON (Строка: 285, Программа: CYCLE83, Канал: 1)
00:32:23.750 IF ($P_GG[10] < 2) (Строка: 285, Программа: CYCLE83, Канал: 1)
00:32:23.750 G[10]=2 (Строка: 285, Программа: CYCLE83, Канал: 1)
00:32:23.750 ENDIF (Строка: 285, Программа: CYCLE83, Канал: 1)
00:32:23.750 N1 G0 G90 AX[_Z]=RFP+SDIS*HH1/_HMF (Строка: 285, Программа: CYCLE83, Канал: 1)
00:32:23.750 SBLOF (Строка: 285, Программа: CYCLE83, Канал: 1)
00:32:23.750 HH8=FDPR (Строка: 285, Программа: CYCLE83, Канал: 1)
00:32:23.750 _MA5A: (Строка: 285, Программа: CYCLE83, Канал: 1)
00:32:23.750 IF (_ARTIS[11]==3) (Строка: 285, Программа: CYCLE83, Канал: 1)
00:32:23.750 _ARTIS[10]=_ARTIS[10]+1 (Строка: 285, Программа: CYCLE83, Канал: 1)
00:32:23.750 IF (_ARTIS[6]<>0) (Строка: 285, Программа: CYCLE83, Канал: 1)
00:32:23.750 IF (_ARTIS[10]==_ARTIS[14]) (Строка: 285, Программа: CYCLE83, Канал: 1)
00:32:23.750 _ARTIS[4]=_ARTIS[14] _ARTIS[5]=_ARTIS[14] (Строка: 285, Программа: CYCLE83, Канал: 1)
00:32:23.750 IF (_ARTIS[14]+_ARTIS[6]<=_SC_TOOL_VALI[5]) (Строка: 285, Программа: CYCLE83, Канал: 1)
00:32:23.750 _ARTIS[14]=_ARTIS[14]+_ARTIS[6] (Строка: 285, Программа: CYCLE83, Канал: 1)
00:32:23.750 ENDIF (Строка: 285, Программа: CYCLE83, Канал: 1)
00:32:23.750 ENDIF (Строка: 285, Программа: CYCLE83, Канал: 1)
00:32:23.750 ELSE (Строка: 285, Программа: CYCLE83, Канал: 1)
00:32:23.750 IF ((_SC_TOOL_VALI[4]<=_ARTIS[10]) AND (_ARTIS[10]<=_SC_TOOL_VALI[5])) (Строка: 285, Программа: CYCLE83, Канал: 1)
00:32:23.750 _ARTIS[4]=_ARTIS[10] _ARTIS[5]=_ARTIS[10] (Строка: 285, Программа: CYCLE83, Канал: 1)
00:32:23.750 ENDIF (Строка: 285, Программа: CYCLE83, Канал: 1)
00:32:23.750 ENDIF (Строка: 285, Программа: CYCLE83, Канал: 1)
00:32:23.750 IF (((_ARTISUP==0)AND(_ARTIS[15]==0)) OR ((_ARTISUP==1)AND(_ARTIS[15]==1))) (Строка: 285, Программа: CYCLE83, Канал: 1)
00:32:23.750 IF (_ARTIS[10]==_ARTIS[4]) (Строка: 285, Программа: CYCLE83, Канал: 1)
00:32:23.750 M=QU(_ARTIS[7]) (Строка: 285, Программа: CYCLE83, Канал: 1)
00:32:23.750 ENDIF (Строка: 285, Программа: CYCLE83, Канал: 1)
00:32:23.750 ENDIF (Строка: 285, Программа: CYCLE83, Канал: 1)
00:32:23.750 ENDIF (Строка: 285, Программа: CYCLE83, Канал: 1)
00:32:23.750 N2 G90 G1 F=HH3*HH4 AX[_Z]=HH2/_HMF (Строка: 285, Программа: CYCLE83, Канал: 1)
00:32:23.750 HH3=1 (Строка: 285, Программа: CYCLE83, Канал: 1)
00:32:23.750 IF(NOT $P_ISTEST) AND (NOT $P_DRYRUN) (Строка: 285, Программа: CYCLE83, Канал: 1)
00:32:23.750 IF(HH2<>DP*_HMF) (Строка: 285, Программа: CYCLE83, Канал: 1)
00:32:23.750 IF(((DTB>=0)AND(_AMODE2==0))OR(_AMODE2==1)) (Строка: 285, Программа: CYCLE83, Канал: 1)
00:32:23.750 N5 G4 F=DTB (Строка: 285, Программа: CYCLE83, Канал: 1)
00:32:23.750 ELSE (Строка: 285, Программа: CYCLE83, Канал: 1)
00:32:23.750 N5 G4 S=-DTB (Строка: 285, Программа: CYCLE83, Канал: 1)
00:32:23.750 ENDIF (Строка: 285, Программа: CYCLE83, Канал: 1)
00:32:23.750 ELSE (Строка: 285, Программа: CYCLE83, Канал: 1)
00:32:23.750 IF(((_DTD>=0)AND(_AMODE4==0))OR(_AMODE4==1)) (Строка: 285, Программа: CYCLE83, Канал: 1)
00:32:23.750 N5 G4 F=_DTD (Строка: 285, Программа: CYCLE83, Канал: 1)
00:32:23.750 ELSE (Строка: 285, Программа: CYCLE83, Канал: 1)
00:32:23.750 N5 G4 S=-_DTD (Строка: 285, Программа: CYCLE83, Канал: 1)
00:32:23.750 ENDIF (Строка: 285, Программа: CYCLE83, Канал: 1)
00:32:23.750 ENDIF (Строка: 285, Программа: CYCLE83, Канал: 1)
00:32:23.750 ENDIF (Строка: 285, Программа: CYCLE83, Канал: 1)
00:32:23.750 IF(HH2==DP*_HMF)GOTOF _MA8 (Строка: 285, Программа: CYCLE83, Канал: 1)
00:32:23.750 IF((DAM==0) OR (DAM==-1)) (Строка: 285, Программа: CYCLE83, Канал: 1)
00:32:23.750 DAM=-1 (Строка: 285, Программа: CYCLE83, Канал: 1)
00:32:23.750 _MDEP=FDPR (Строка: 285, Программа: CYCLE83, Канал: 1)
00:32:23.750 ENDIF (Строка: 285, Программа: CYCLE83, Канал: 1)
00:32:23.750 IF(DAM>0)GOTOF _MMD (Строка: 285, Программа: CYCLE83, Канал: 1)
00:32:23.750 HH8=-HH8*DAM (Строка: 285, Программа: CYCLE83, Канал: 1)
00:32:23.750 IF(HH8>=_MDEP)GOTOF _MMD1 (Строка: 285, Программа: CYCLE83, Канал: 1)
00:32:23.750 HH8=_MDEP (Строка: 285, Программа: CYCLE83, Канал: 1)
00:32:23.750 _MMD1: (Строка: 285, Программа: CYCLE83, Канал: 1)
00:32:23.750 HH5=HH2-HH1*HH8 (Строка: 285, Программа: CYCLE83, Канал: 1)
00:32:23.750 IF((HH5-DP*_HMF)*HH1>0)GOTOF _MMD2 (Строка: 285, Программа: CYCLE83, Канал: 1)
00:32:23.750 HH5=DP*_HMF (Строка: 285, Программа: CYCLE83, Канал: 1)
00:32:23.750 GOTOF _MA6 (Строка: 285, Программа: CYCLE83, Канал: 1)
00:32:23.750 _MMD2: (Строка: 285, Программа: CYCLE83, Канал: 1)
00:32:23.750 IF((HH5-DP*_HMF)*HH1>=_MDEP)GOTOF _MA6 (Строка: 285, Программа: CYCLE83, Канал: 1)
00:32:23.750 HH5=HH2-(HH2-DP*_HMF)/2 (Строка: 285, Программа: CYCLE83, Канал: 1)
00:32:23.750 GOTOF _MA6 (Строка: 285, Программа: CYCLE83, Канал: 1)
00:32:23.750 _MMD: (Строка: 285, Программа: CYCLE83, Канал: 1)
00:32:23.750 _HH9=_HH9-DAM (Строка: 285, Программа: CYCLE83, Канал: 1)
00:32:23.750 IF(_HH9<DAM) (Строка: 285, Программа: CYCLE83, Канал: 1)
00:32:23.750 _HH9=DAM (Строка: 285, Программа: CYCLE83, Канал: 1)
00:32:23.750 ENDIF (Строка: 285, Программа: CYCLE83, Канал: 1)
00:32:23.750 IF(ABS(HH2-DP*_HMF)-_HH9>=DAM) (Строка: 285, Программа: CYCLE83, Канал: 1)
00:32:23.750 IF(ABS(HH2-DP*_HMF)>2*DAM) (Строка: 285, Программа: CYCLE83, Канал: 1)
00:32:23.750 HH5=HH2-_HH9*HH1 (Строка: 285, Программа: CYCLE83, Канал: 1)
00:32:23.750 ELSE (Строка: 285, Программа: CYCLE83, Канал: 1)
00:32:23.750 IF(ABS(HH2-DP*_HMF)>DAM) (Строка: 285, Программа: CYCLE83, Канал: 1)
00:32:23.750 HH5=HH2-ABS(HH2-DP*_HMF)/2*HH1 (Строка: 285, Программа: CYCLE83, Канал: 1)
00:32:23.750 ELSE (Строка: 285, Программа: CYCLE83, Канал: 1)
00:32:23.750 HH5=DP*_HMF (Строка: 285, Программа: CYCLE83, Канал: 1)
00:32:23.750 ENDIF (Строка: 285, Программа: CYCLE83, Канал: 1)
00:32:23.750 ENDIF (Строка: 285, Программа: CYCLE83, Канал: 1)
00:32:23.750 ELSE (Строка: 285, Программа: CYCLE83, Канал: 1)
00:32:23.750 IF(ABS(HH2-DP*_HMF)>_HH9) (Строка: 285, Программа: CYCLE83, Канал: 1)
00:32:23.750 IF(ABS(HH2-DP*_HMF)>2*DAM) (Строка: 285, Программа: CYCLE83, Канал: 1)
00:32:23.750 HH5=DP*_HMF+DAM*HH1 (Строка: 285, Программа: CYCLE83, Канал: 1)
00:32:23.750 ELSE (Строка: 285, Программа: CYCLE83, Канал: 1)
00:32:23.750 HH5=HH2-ABS(HH2-DP*_HMF)/2*HH1 (Строка: 285, Программа: CYCLE83, Канал: 1)
00:32:23.750 ENDIF (Строка: 285, Программа: CYCLE83, Канал: 1)
00:32:23.750 ELSE (Строка: 285, Программа: CYCLE83, Канал: 1)
00:32:23.750 HH5=DP*_HMF (Строка: 285, Программа: CYCLE83, Канал: 1)
00:32:23.750 ENDIF (Строка: 285, Программа: CYCLE83, Канал: 1)
00:32:23.750 ENDIF (Строка: 285, Программа: CYCLE83, Канал: 1)
00:32:23.750 _MA6: (Строка: 285, Программа: CYCLE83, Канал: 1)
00:32:23.750 IF ((_ARTIS[11]==3) OR ((_ARTISUP==1)AND(_ARTIS[15]==1))) (Строка: 285, Программа: CYCLE83, Канал: 1)
00:32:23.750 IF (_ARTIS[10]==_ARTIS[5]) (Строка: 285, Программа: CYCLE83, Канал: 1)
00:32:23.750 M=QU(_ARTIS[8]) (Строка: 285, Программа: CYCLE83, Канал: 1)
00:32:23.750 ENDIF (Строка: 285, Программа: CYCLE83, Канал: 1)
00:32:23.750 ENDIF (Строка: 285, Программа: CYCLE83, Канал: 1)
00:32:23.750 IF(_VARI1<>1)GOTOF _MA_SPB (Строка: 285, Программа: CYCLE83, Канал: 1)
00:32:23.750 SBLON (Строка: 285, Программа: CYCLE83, Канал: 1)
00:32:23.750 N4 G90 G0 AX[_Z]=RFP+SDIS*HH1/_HMF (Строка: 285, Программа: CYCLE83, Канал: 1)
00:32:23.750 SBLOF (Строка: 285, Программа: CYCLE83, Канал: 1)
00:32:23.750 IF(NOT $P_ISTEST) AND (NOT $P_DRYRUN) (Строка: 285, Программа: CYCLE83, Канал: 1)
00:32:23.750 IF(((DTS>=0)AND(_AMODE3==0))OR(_AMODE3==1)) (Строка: 285, Программа: CYCLE83, Канал: 1)
00:32:23.750 N5 G4 F=DTS (Строка: 285, Программа: CYCLE83, Канал: 1)
00:32:23.750 ELSE (Строка: 285, Программа: CYCLE83, Канал: 1)
00:32:23.750 N5 G4 S=-DTS (Строка: 285, Программа: CYCLE83, Канал: 1)
00:32:23.750 ENDIF (Строка: 285, Программа: CYCLE83, Канал: 1)
00:32:23.750 ENDIF (Строка: 285, Программа: CYCLE83, Канал: 1)
00:32:23.750 IF(ABS(RFP*_HMF-HH2)*_FAK3<=30) (Строка: 285, Программа: CYCLE83, Канал: 1)
00:32:23.750 VHA=0.6 (Строка: 285, Программа: CYCLE83, Канал: 1)
00:32:23.750 ELSE (Строка: 285, Программа: CYCLE83, Канал: 1)
00:32:23.750 VHA=ABS(RFP*_HMF-HH2)*_FAK3/50 (Строка: 285, Программа: CYCLE83, Канал: 1)
00:32:23.750 IF(VHA>7) (Строка: 285, Программа: CYCLE83, Канал: 1)
00:32:23.750 VHA=7 (Строка: 285, Программа: CYCLE83, Канал: 1)
00:32:23.750 ENDIF (Строка: 285, Программа: CYCLE83, Канал: 1)
00:32:23.750 ENDIF (Строка: 285, Программа: CYCLE83, Канал: 1)
00:32:23.750 VHA=VHA/_FAK3 (Строка: 285, Программа: CYCLE83, Канал: 1)
00:32:23.750 IF (_DIS1>0) (Строка: 285, Программа: CYCLE83, Канал: 1)
00:32:23.750 VHA=_DIS1 (Строка: 285, Программа: CYCLE83, Канал: 1)
00:32:23.750 ENDIF (Строка: 285, Программа: CYCLE83, Канал: 1)
00:32:23.750 N6 G90 AX[_Z]=HH2/_HMF+VHA*HH1/_HMF (Строка: 285, Программа: CYCLE83, Канал: 1)
00:32:23.750 GOTOF _MA7 (Строка: 285, Программа: CYCLE83, Канал: 1)
00:32:23.750 _MA_SPB: (Строка: 285, Программа: CYCLE83, Канал: 1)
00:32:23.750 IF(_VARI1==0) (Строка: 285, Программа: CYCLE83, Канал: 1)
00:32:23.750 IF (_VRT>0) (Строка: 285, Программа: CYCLE83, Канал: 1)
00:32:23.750 N7 G0 G91 AX[_Z]=HH1*_VRT/_HMF (Строка: 285, Программа: CYCLE83, Канал: 1)
00:32:23.750 ELSE (Строка: 285, Программа: CYCLE83, Канал: 1)
00:32:23.750 N7 G0 G91 AX[_Z]=HH1*HZ/_FAK3/_HMF (Строка: 285, Программа: CYCLE83, Канал: 1)
00:32:23.750 ENDIF (Строка: 285, Программа: CYCLE83, Канал: 1)
00:32:23.750 ENDIF (Строка: 285, Программа: CYCLE83, Канал: 1)
00:32:23.750 N70 G1 (Строка: 285, Программа: CYCLE83, Канал: 1)
00:32:23.750 _MA7:HH2=HH5 (Строка: 285, Программа: CYCLE83, Канал: 1)
00:32:23.750 GOTOB _MA5A (Строка: 285, Программа: CYCLE83, Канал: 1)
00:32:23.750 _MA8: (Строка: 285, Программа: CYCLE83, Канал: 1)
00:32:23.750 IF (_ARTIS[0]<>0) (Строка: 285, Программа: CYCLE83, Канал: 1)
00:32:23.750 M=QU(_ARTIS[8]) (Строка: 285, Программа: CYCLE83, Канал: 1)
00:32:23.750 ENDIF (Строка: 285, Программа: CYCLE83, Канал: 1)
00:32:23.750 SBLON (Строка: 285, Программа: CYCLE83, Канал: 1)
00:32:23.750 N8 G0 G90 AX[_Z]=RTP (Строка: 285, Программа: CYCLE83, Канал: 1)
00:32:23.750 SBLOF (Строка: 285, Программа: CYCLE83, Канал: 1)
00:32:23.750 N80 F=HH4 (Строка: 285, Программа: CYCLE83, Канал: 1)
00:32:23.750 _MAE: (Строка: 285, Программа: CYCLE83, Канал: 1)
00:32:23.750 IF ((_SC_TOOL_VALI[0]<>0) AND (_ARTIS[15]==1)) (Строка: 285, Программа: CYCLE83, Канал: 1)
00:32:23.750 _ARTIS[0]=_SC_TOOL_VALI[0] _ARTIS[1]=_SC_TOOL_VALI[1] _ARTIS[2]=_SC_TOOL_VALI[2] _ARTIS[3]=_SC_TOOL_VALI[3] _ARTIS[4]=_
SC_TOOL_VALI[4] _ARTIS[5]=_SC_TOOL_VALI[5] _ARTIS[6]=_SC_TOOL_VALI[6] (Строка: 285, Программа: CYCLE83, Канал: 1)
00:32:23.750 _ARTIS[9]=0 _ARTIS[10]=0 (Строка: 285, Программа: CYCLE83, Канал: 1)
00:32:23.750 IF (_ARTIS[3]<>0) (Строка: 285, Программа: CYCLE83, Канал: 1)
00:32:23.750 _ARTIS[13]=_ARTIS[1] (Строка: 285, Программа: CYCLE83, Канал: 1)
00:32:23.750 ENDIF (Строка: 285, Программа: CYCLE83, Канал: 1)
00:32:23.750 IF (_ARTIS[6]<>0) (Строка: 285, Программа: CYCLE83, Канал: 1)
00:32:23.750 _ARTIS[14]=_ARTIS[4] (Строка: 285, Программа: CYCLE83, Канал: 1)
00:32:23.750 ENDIF (Строка: 285, Программа: CYCLE83, Канал: 1)
00:32:23.750 ENDIF (Строка: 285, Программа: CYCLE83, Канал: 1)
00:32:23.750 RET (Строка: 285, Программа: CYCLE83, Канал: 1)
00:32:23.750 _FEHL1: STOPRE (Строка: 285, Программа: CYCLE83, Канал: 1)
00:32:23.750 N708301 SETAL(61101) (Строка: 285, Программа: CYCLE83, Канал: 1)
00:32:23.750 RET (Строка: 285, Программа: CYCLE83, Канал: 1)
00:32:23.750 _FEHL2: STOPRE (Строка: 285, Программа: CYCLE83, Канал: 1)
00:32:23.750 N708302 SETAL(61107) (Строка: 285, Программа: CYCLE83, Канал: 1)
00:32:23.750 RET (Строка: 285, Программа: CYCLE83, Канал: 1)
00:32:23.750 _FEHL3: STOPRE (Строка: 285, Программа: CYCLE83, Канал: 1)
00:32:23.750 N708303 SETAL(61803) (Строка: 285, Программа: CYCLE83, Канал: 1)
00:32:23.750 RET (Строка: 285, Программа: CYCLE83, Канал: 1)
00:32:23.750 _FEHL4: STOPRE (Строка: 285, Программа: CYCLE83, Канал: 1)
00:32:23.750 N708304 SETAL(61019,"(_DAM)") (Строка: 285, Программа: CYCLE83, Канал: 1)
00:32:23.750 RET (Строка: 285, Программа: CYCLE83, Канал: 1)
00:32:23.750 _FEHL5: STOPRE (Строка: 285, Программа: CYCLE83, Канал: 1)
00:32:23.750 N708305 SETAL(62106) (Строка: 285, Программа: CYCLE83, Канал: 1)
00:32:23.750 RET (Строка: 285, Программа: CYCLE83, Канал: 1)
00:32:23.750 _FEHL6: STOPRE (Строка: 285, Программа: CYCLE83, Канал: 1)
00:32:23.750 N708306 SETAL(61212) (Строка: 285, Программа: CYCLE83, Канал: 1)
00:32:23.750 RET (Строка: 285, Программа: CYCLE83, Канал: 1)
00:32:23.750 _FEHL7: STOPRE (Строка: 285, Программа: CYCLE83, Канал: 1)
00:32:23.750 N708307 SETAL(61070) (Строка: 285, Программа: CYCLE83, Канал: 1)
00:32:23.750 RET (Строка: 285, Программа: CYCLE83, Канал: 1)
00:32:23.750 _FEHL18: STOPRE (Строка: 285, Программа: CYCLE83, Канал: 1)
00:32:23.750 N708318 SETAL(61019,_SERR) (Строка: 285, Программа: CYCLE83, Канал: 1)
00:32:23.750 RET (Строка: 285, Программа: CYCLE83, Канал: 1)
00:32:23.750 _FEHL22: STOPRE (Строка: 285, Программа: CYCLE83, Канал: 1)
00:32:23.750 N708322 SETAL(61158) (Строка: 285, Программа: CYCLE83, Канал: 1)
00:32:23.750 RET (Строка: 285, Программа: CYCLE83, Канал: 1)
00:32:23.750 _FEHL23: STOPRE (Строка: 285, Программа: CYCLE83, Канал: 1)
00:32:23.750 N708323 SETAL(61159) (Строка: 285, Программа: CYCLE83, Канал: 1)
00:32:23.750 RET (Строка: 285, Программа: CYCLE83, Канал: 1)
00:32:23.750 _FEHL24: STOPRE (Строка: 285, Программа: CYCLE83, Канал: 1)
00:32:23.750 N708324 SETAL(61019,"(_AMODE: dec1)") (Строка: 285, Программа: CYCLE83, Канал: 1)
00:32:23.750 RET (Строка: 285, Программа: CYCLE83, Канал: 1)
00:32:23.750 _FEHL25: STOPRE (Строка: 285, Программа: CYCLE83, Канал: 1)
00:32:23.750 N708325 SETAL(61019,"(_AMODE: dec2)") (Строка: 285, Программа: CYCLE83, Канал: 1)
00:32:23.750 RET (Строка: 285, Программа: CYCLE83, Канал: 1)
00:32:23.750 _FEHL26: STOPRE (Строка: 285, Программа: CYCLE83, Канал: 1)
00:32:23.750 N708326 SETAL(61019,"(_AMODE: dec3)") (Строка: 285, Программа: CYCLE83, Канал: 1)
00:32:23.750 RET (Строка: 285, Программа: CYCLE83, Канал: 1)
00:32:23.750 _FEHL27: STOPRE (Строка: 285, Программа: CYCLE83, Канал: 1)
00:32:23.750 N708327 SETAL(61019,"(_AMODE: dec4)") (Строка: 285, Программа: CYCLE83, Канал: 1)
00:32:23.750 RET (Строка: 285, Программа: CYCLE83, Канал: 1)
00:32:23.750 _FEHL28: STOPRE (Строка: 285, Программа: CYCLE83, Канал: 1)
00:32:23.750 N708328 SETAL(61019,"(_AMODE: dec5)") (Строка: 285, Программа: CYCLE83, Канал: 1)
00:32:23.750 RET (Строка: 285, Программа: CYCLE83, Канал: 1)
00:32:23.750 _FEHL29: STOPRE (Строка: 285, Программа: CYCLE83, Канал: 1)
00:32:23.750 N708329 SETAL(61019,"(_AMODE: dec1/DP)") (Строка: 285, Программа: CYCLE83, Канал: 1)
00:32:23.750 RET (Строка: 285, Программа: CYCLE83, Канал: 1)
00:32:23.750 _FEHL30: STOPRE (Строка: 285, Программа: CYCLE83, Канал: 1)
00:32:23.750 N708330 SETAL(61019,"(_AMODE: dec1/DPR)") (Строка: 285, Программа: CYCLE83, Канал: 1)
00:32:23.750 RET (Строка: 285, Программа: CYCLE83, Канал: 1)
00:32:23.750 _FEHL31: STOPRE (Строка: 285, Программа: CYCLE83, Канал: 1)
00:32:23.750 N708331 SETAL(61019,"(_AMODE: dec5/FDEP)") (Строка: 285, Программа: CYCLE83, Канал: 1)
00:32:23.750 RET (Строка: 285, Программа: CYCLE83, Канал: 1)
00:32:23.750 _FEHL32: STOPRE (Строка: 285, Программа: CYCLE83, Канал: 1)
00:32:23.750 N708332 SETAL(61019,"(_AMODE: dec5/FDPR)") (Строка: 285, Программа: CYCLE83, Канал: 1)
00:32:23.750 RET (Строка: 285, Программа: CYCLE83, Канал: 1)
00:32:23.750 _FEHL33: STOPRE (Строка: 285, Программа: CYCLE83, Канал: 1)
00:32:23.750 N708333 SETAL(61019,"(VARI: dec1)") (Строка: 285, Программа: CYCLE83, Канал: 1)
00:32:23.750 RET (Строка: 285, Программа: CYCLE83, Канал: 1)
00:32:23.750 _FEHL34: STOPRE (Строка: 285, Программа: CYCLE83, Канал: 1)
00:32:23.750 N708334 SETAL(61019,"(_AMODE: dec6)") (Строка: 285, Программа: CYCLE83, Канал: 1)
00:32:23.750 RET (Строка: 285, Программа: CYCLE83, Канал: 1)
00:32:23.750 _FEHL36: STOPRE (Строка: 285, Программа: CYCLE83, Канал: 1)
00:32:23.750 N708336 SETAL(61019,"(_AMODE: dec7)") (Строка: 285, Программа: CYCLE83, Канал: 1)
00:32:23.750 RET (Строка: 285, Программа: CYCLE83, Канал: 1)
00:32:23.750 _FEHL37: STOPRE (Строка: 285, Программа: CYCLE83, Канал: 1)
00:32:23.750 N708337 SETAL(61019,"(_AMODE: dec7/_DIS1)") (Строка: 285, Программа: CYCLE83, Канал: 1)
00:32:23.750 RET (Строка: 285, Программа: CYCLE83, Канал: 1)
00:32:23.750 _FEHL38: STOPRE (Строка: 285, Программа: CYCLE83, Канал: 1)
00:32:23.750 N708338 SETAL(61000) (Строка: 285, Программа: CYCLE83, Канал: 1)
00:32:23.750 RET (Строка: 285, Программа: CYCLE83, Канал: 1)
00:32:23.750 _FEHL39: STOPRE (Строка: 285, Программа: CYCLE83, Канал: 1)
00:32:23.750 N708339 SETAL(61019,"(_DMODE: dec5)") (Строка: 285, Программа: CYCLE83, Канал: 1)
00:32:23.750 RET (Строка: 285, Программа: CYCLE83, Канал: 1)
00:32:23.750      (Строка: 285, Программа: CYCLE83, Канал: 1)
00:32:23.750 An invalid branch target was used. (Строка: 285, Программа: CYCLE83, Канал: 1)
